../Core/Src/main.c:300:5:main	8	static
../Core/Src/main.c:407:6:SystemClock_Config	88	static
../Core/Src/main.c:449:13:MX_I2C1_Init	8	static
../Core/Src/main.c:483:13:MX_TIM1_Init	96	static
../Core/Src/main.c:557:13:MX_TIM2_Init	56	static
../Core/Src/main.c:606:13:MX_TIM3_Init	56	static
../Core/Src/main.c:655:13:MX_TIM4_Init	48	static
../Core/Src/main.c:713:13:MX_TIM8_Init	96	static
../Core/Src/main.c:791:13:MX_USART3_UART_Init	8	static
../Core/Src/main.c:824:13:MX_GPIO_Init	48	static
../Core/Src/main.c:904:6:userFunctions	4	static
../Core/Src/main.c:905:6:realignWheels	8	static
../Core/Src/main.c:914:6:motorActivate	40	static
../Core/Src/main.c:944:6:straight	40	static
../Core/Src/main.c:953:6:gyrostraight	40	static
../Core/Src/main.c:1020:6:turn	24	static
../Core/Src/main.c:1185:6:gyroturn	40	static
../Core/Src/main.c:1233:6:tpturn	16	static
../Core/Src/main.c:1260:6:ipt90	16	static
../Core/Src/main.c:1287:6:ICMWriteOneByte	32	static
../Core/Src/main.c:1292:9:ICMReadOneByte	40	static
../Core/Src/main.c:1299:6:ICMReadSecondary	32	static
../Core/Src/main.c:1333:6:ICMWriteSecondary	24	static
../Core/Src/main.c:1362:6:ICMWhoIAm	16	static
../Core/Src/main.c:1371:6:ICMCalAvgValue	32	static
../Core/Src/main.c:1386:6:ICMGyroRead	64	static
../Core/Src/main.c:1424:6:ICMAccelRead	56	static
../Core/Src/main.c:1462:6:ICMMagRead	64	static
../Core/Src/main.c:1513:6:ICMGyroOffset	32	static
../Core/Src/main.c:1532:6:MPU_Get_Gyroscope	8	static
../Core/Src/main.c:1550:6:ICMInit	8	static
../Core/Src/main.c:1581:6:HAL_TIM_IC_CaptureCallback	16	static
../Core/Src/main.c:1620:6:HAL_UART_RxCpltCallback	16	static
../Core/Src/main.c:1636:6:StartDefaultTask	16	static
../Core/Src/main.c:1667:6:show	56	static
../Core/Src/main.c:1702:6:motor	24	static
../Core/Src/main.c:1735:6:encoder	72	static
../Core/Src/main.c:1831:6:ultra	16	static
../Core/Src/main.c:1855:6:uart	32	static
../Core/Src/main.c:1912:6:icm20948	64	static
../Core/Src/main.c:1952:6:Error_Handler	4	static,ignoring_inline_asm
